
Allocating common symbols
Common symbol       size              file

OSLockNesting       0x1               ..\obj\os_core.o
OSTaskRegNextAvailID
                    0x1               ..\obj\os_core.o
OSRunning           0x1               ..\obj\os_core.o
OSIdleCtr           0x4               ..\obj\os_core.o
OSPrioHighRdy       0x1               ..\obj\os_core.o
OSFlagTbl           0x50              ..\obj\os_core.o
OSPrioCur           0x1               ..\obj\os_core.o
Math_RandSeedCur    0x4               ..\obj\lib_math.o
OSTCBList           0x4               ..\obj\os_core.o
OSMemTbl            0x78              ..\obj\os_core.o
OSTickStepState     0x1               ..\obj\os_core.o
OSCtxSwCtr          0x4               ..\obj\os_core.o
CPU_TS_TmrFreq_Hz   0x4               ..\obj\cpu_core.o
Mem_PoolHeap        0x48              ..\obj\lib_mem.o
OSTCBFreeList       0x4               ..\obj\os_core.o
OS_CPU_ExceptStkBase
                    0x4               ..\obj\os_cpu_c.o
OSTaskCtr           0x1               ..\obj\os_core.o
OSMemFreeList       0x4               ..\obj\os_core.o
OSQTbl              0x60              ..\obj\os_core.o
OSTCBHighRdy        0x4               ..\obj\os_core.o
OSQFreeList         0x4               ..\obj\os_core.o
Mem_Heap            0x800             ..\obj\lib_mem.o
OSRdyGrp            0x1               ..\obj\os_core.o
OSRdyTbl            0x3               ..\obj\os_core.o
Mem_PoolTbl         0x4               ..\obj\lib_mem.o
task_stk1           0x190             ..\obj\main.o
OSEventFreeList     0x4               ..\obj\os_core.o
OS_CPU_ExceptStk    0x200             ..\obj\os_cpu_c.o
OSIntNesting        0x1               ..\obj\os_core.o
OSTCBCur            0x4               ..\obj\os_core.o
OSTime              0x4               ..\obj\os_core.o
OSTaskIdleStk       0x200             ..\obj\os_core.o
OSEventTbl          0x64              ..\obj\os_core.o
OSTCBTbl            0x1f8             ..\obj\os_core.o
task_stk2           0x190             ..\obj\main.o
OSFlagFreeList      0x4               ..\obj\os_core.o
OSTCBPrioTbl        0x54              ..\obj\os_core.o
CPU_Name            0x10              ..\obj\cpu_core.o

Discarded input sections

 .text          0x00000000        0x0 ..\obj\semihosting.o
 .data          0x00000000        0x0 ..\obj\semihosting.o
 .text.SH_SendString
                0x00000000       0x20 ..\obj\semihosting.o
 .text.SH_GetChar
                0x00000000       0x40 ..\obj\semihosting.o
 .text          0x00000000       0x34 ..\obj\cpu_a.o
 .data          0x00000000        0x0 ..\obj\cpu_a.o
 .bss           0x00000000        0x0 ..\obj\cpu_a.o
 .debug_line    0x00000000       0x97 ..\obj\cpu_a.o
 .debug_info    0x00000000       0xb1 ..\obj\cpu_a.o
 .debug_abbrev  0x00000000       0x14 ..\obj\cpu_a.o
 .debug_aranges
                0x00000000       0x20 ..\obj\cpu_a.o
 .ARM.attributes
                0x00000000       0x21 ..\obj\cpu_a.o
 .text          0x00000000        0x0 ..\obj\os_time.o
 .data          0x00000000        0x0 ..\obj\os_time.o
 .bss           0x00000000        0x0 ..\obj\os_time.o
 .text.OSTimeDlyHMSM
                0x00000000       0x8c ..\obj\os_time.o
 .text.OSTimeDlyResume
                0x00000000       0xfc ..\obj\os_time.o
 .text.OSTimeGet
                0x00000000       0x2c ..\obj\os_time.o
 .text.OSTimeSet
                0x00000000       0x2c ..\obj\os_time.o
 .data          0x00000000        0x0 ..\obj\os_cpu_a.o
 .bss           0x00000000        0x0 ..\obj\os_cpu_a.o
 .text          0x00000000        0x0 ..\obj\cpu_c.o
 .data          0x00000000        0x0 ..\obj\cpu_c.o
 .bss           0x00000000        0x0 ..\obj\cpu_c.o
 .text.CPU_BitBandClr
                0x00000000       0x74 ..\obj\cpu_c.o
 .text.CPU_BitBandSet
                0x00000000       0x74 ..\obj\cpu_c.o
 .text.CPU_IntSrcDis
                0x00000000      0x14c ..\obj\cpu_c.o
 .text.CPU_IntSrcEn
                0x00000000      0x14c ..\obj\cpu_c.o
 .text.CPU_IntSrcPendClr
                0x00000000       0xdc ..\obj\cpu_c.o
 .text.CPU_IntSrcPrioSet
                0x00000000      0x268 ..\obj\cpu_c.o
 .text.CPU_IntSrcPrioGet
                0x00000000      0x1f0 ..\obj\cpu_c.o
 .debug_info    0x00000000      0x391 ..\obj\cpu_c.o
 .debug_abbrev  0x00000000      0x129 ..\obj\cpu_c.o
 .debug_aranges
                0x00000000       0x50 ..\obj\cpu_c.o
 .debug_ranges  0x00000000       0x40 ..\obj\cpu_c.o
 .debug_line    0x00000000      0x203 ..\obj\cpu_c.o
 .debug_str     0x00000000      0x238 ..\obj\cpu_c.o
 .comment       0x00000000       0x6f ..\obj\cpu_c.o
 .debug_frame   0x00000000      0x118 ..\obj\cpu_c.o
 .ARM.attributes
                0x00000000       0x33 ..\obj\cpu_c.o
 .text          0x00000000        0x0 ..\obj\startup_stm32f10x_md_vl.o
 .data          0x00000000        0x0 ..\obj\startup_stm32f10x_md_vl.o
 .bss           0x00000000        0x0 ..\obj\startup_stm32f10x_md_vl.o
 .text          0x00000000        0x0 ..\obj\lib_mem.o
 .data          0x00000000        0x0 ..\obj\lib_mem.o
 .bss           0x00000000        0x0 ..\obj\lib_mem.o
 .text.Mem_Init
                0x00000000       0x90 ..\obj\lib_mem.o
 .text.Mem_Clr  0x00000000       0x1c ..\obj\lib_mem.o
 .text.Mem_Set  0x00000000       0xc8 ..\obj\lib_mem.o
 .text.Mem_Move
                0x00000000      0x138 ..\obj\lib_mem.o
 .text.Mem_Cmp  0x00000000      0x134 ..\obj\lib_mem.o
 .text.Mem_HeapAlloc
                0x00000000      0x100 ..\obj\lib_mem.o
 .text.Mem_HeapGetSizeRem
                0x00000000       0x24 ..\obj\lib_mem.o
 .text.Mem_SegGetSizeRem
                0x00000000       0xe0 ..\obj\lib_mem.o
 .text.Mem_PoolClr
                0x00000000       0xa4 ..\obj\lib_mem.o
 .text.Mem_PoolCreate
                0x00000000      0x498 ..\obj\lib_mem.o
 .text.Mem_PoolBlkGetNbrAvail
                0x00000000       0x70 ..\obj\lib_mem.o
 .text.Mem_PoolBlkGet
                0x00000000       0xec ..\obj\lib_mem.o
 .text.Mem_PoolBlkGetUsedAtIx
                0x00000000       0xdc ..\obj\lib_mem.o
 .text.Mem_PoolBlkFree
                0x00000000      0x16c ..\obj\lib_mem.o
 .text.Mem_PoolBlkIxGet
                0x00000000      0x164 ..\obj\lib_mem.o
 .text.Mem_PoolBlkIsValidAddr
                0x00000000       0xc4 ..\obj\lib_mem.o
 .text.Mem_SegCalcTotSize
                0x00000000      0x11c ..\obj\lib_mem.o
 .text.Mem_SegAlloc
                0x00000000       0x9c ..\obj\lib_mem.o
 .debug_info    0x00000000      0xe3d ..\obj\lib_mem.o
 .debug_abbrev  0x00000000      0x1c7 ..\obj\lib_mem.o
 .debug_aranges
                0x00000000       0xa8 ..\obj\lib_mem.o
 .debug_ranges  0x00000000       0x98 ..\obj\lib_mem.o
 .debug_line    0x00000000      0x5bb ..\obj\lib_mem.o
 .debug_str     0x00000000      0x9d7 ..\obj\lib_mem.o
 .comment       0x00000000       0x6f ..\obj\lib_mem.o
 .debug_frame   0x00000000      0x2b4 ..\obj\lib_mem.o
 .ARM.attributes
                0x00000000       0x33 ..\obj\lib_mem.o
 COMMON         0x00000000      0x84c ..\obj\lib_mem.o
 .text          0x00000000        0x0 ..\obj\os_cpu_c.o
 .data          0x00000000        0x0 ..\obj\os_cpu_c.o
 .bss           0x00000000        0x0 ..\obj\os_cpu_c.o
 .text.OSTaskStatHook
                0x00000000        0xc ..\obj\os_cpu_c.o
 .text          0x00000000        0x0 ..\obj\cpu_core.o
 .data          0x00000000        0x0 ..\obj\cpu_core.o
 .bss           0x00000000        0x0 ..\obj\cpu_core.o
 .rodata        0x00000000      0x100 ..\obj\cpu_core.o
 .text.CPU_Init
                0x00000000       0x10 ..\obj\cpu_core.o
 .text.CPU_SW_Exception
                0x00000000        0x8 ..\obj\cpu_core.o
 .text.CPU_NameClr
                0x00000000       0x20 ..\obj\cpu_core.o
 .text.CPU_NameGet
                0x00000000       0x4c ..\obj\cpu_core.o
 .text.CPU_NameSet
                0x00000000       0x68 ..\obj\cpu_core.o
 .text.CPU_TS_Get32
                0x00000000       0x18 ..\obj\cpu_core.o
 .text.CPU_TS_Update
                0x00000000        0xc ..\obj\cpu_core.o
 .text.CPU_TS_TmrFreqGet
                0x00000000       0x38 ..\obj\cpu_core.o
 .text.CPU_TS_TmrFreqSet
                0x00000000       0x1c ..\obj\cpu_core.o
 .text.CPU_CntLeadZeros08
                0x00000000       0x24 ..\obj\cpu_core.o
 .text.CPU_CntLeadZeros16
                0x00000000       0x24 ..\obj\cpu_core.o
 .text.CPU_CntLeadZeros32
                0x00000000       0x1c ..\obj\cpu_core.o
 .text.CPU_CntLeadZeros64
                0x00000000      0x180 ..\obj\cpu_core.o
 .text.CPU_CntTrailZeros08
                0x00000000       0x28 ..\obj\cpu_core.o
 .text.CPU_CntTrailZeros16
                0x00000000       0x28 ..\obj\cpu_core.o
 .text.CPU_CntTrailZeros32
                0x00000000       0x24 ..\obj\cpu_core.o
 .text.CPU_CntTrailZeros64
                0x00000000       0x4c ..\obj\cpu_core.o
 .text.CPU_NameInit
                0x00000000        0xc ..\obj\cpu_core.o
 .text.CPU_TS_Init
                0x00000000       0x18 ..\obj\cpu_core.o
 .debug_info    0x00000000      0x563 ..\obj\cpu_core.o
 .debug_abbrev  0x00000000      0x1f5 ..\obj\cpu_core.o
 .debug_aranges
                0x00000000       0xb0 ..\obj\cpu_core.o
 .debug_ranges  0x00000000       0xa0 ..\obj\cpu_core.o
 .debug_line    0x00000000      0x264 ..\obj\cpu_core.o
 .debug_str     0x00000000      0x3d3 ..\obj\cpu_core.o
 .comment       0x00000000       0x6f ..\obj\cpu_core.o
 .debug_frame   0x00000000      0x2b8 ..\obj\cpu_core.o
 .ARM.attributes
                0x00000000       0x33 ..\obj\cpu_core.o
 COMMON         0x00000000       0x14 ..\obj\cpu_core.o
 .text          0x00000000        0x0 ..\obj\os_flag.o
 .data          0x00000000        0x0 ..\obj\os_flag.o
 .bss           0x00000000        0x0 ..\obj\os_flag.o
 .text.OSFlagAccept
                0x00000000      0x170 ..\obj\os_flag.o
 .text.OSFlagCreate
                0x00000000       0x88 ..\obj\os_flag.o
 .text.OSFlagDel
                0x00000000      0x128 ..\obj\os_flag.o
 .text.OSFlagNameGet
                0x00000000       0x70 ..\obj\os_flag.o
 .text.OSFlagNameSet
                0x00000000       0x5c ..\obj\os_flag.o
 .text.OSFlagPend
                0x00000000      0x318 ..\obj\os_flag.o
 .text.OSFlagPendGetFlagsRdy
                0x00000000       0x2c ..\obj\os_flag.o
 .text.OSFlagPost
                0x00000000      0x1cc ..\obj\os_flag.o
 .text.OSFlagQuery
                0x00000000       0x44 ..\obj\os_flag.o
 .text.OS_FlagBlock
                0x00000000       0xe4 ..\obj\os_flag.o
 .text.OS_FlagTaskRdy
                0x00000000       0x9c ..\obj\os_flag.o
 .text          0x00000000        0x0 ..\obj\system_stm32f10x.o
 .bss           0x00000000        0x0 ..\obj\system_stm32f10x.o
 .text.SystemCoreClockUpdate
                0x00000000       0xd4 ..\obj\system_stm32f10x.o
 .text          0x00000000        0x0 ..\obj\app_hooks.o
 .data          0x00000000        0x0 ..\obj\app_hooks.o
 .bss           0x00000000        0x0 ..\obj\app_hooks.o
 .text.App_TaskStatHook
                0x00000000        0xc ..\obj\app_hooks.o
 .text          0x00000000        0x0 ..\obj\lib_str.o
 .data          0x00000000        0x0 ..\obj\lib_str.o
 .bss           0x00000000        0x0 ..\obj\lib_str.o
 .rodata        0x00000000       0x94 ..\obj\lib_str.o
 .text.Str_Len  0x00000000       0x20 ..\obj\lib_str.o
 .text.Str_Len_N
                0x00000000       0x44 ..\obj\lib_str.o
 .text.Str_Copy
                0x00000000       0x24 ..\obj\lib_str.o
 .text.Str_Copy_N
                0x00000000       0x90 ..\obj\lib_str.o
 .text.Str_Cat  0x00000000       0x24 ..\obj\lib_str.o
 .text.Str_Cat_N
                0x00000000       0xb0 ..\obj\lib_str.o
 .text.Str_Cmp  0x00000000       0x28 ..\obj\lib_str.o
 .text.Str_Cmp_N
                0x00000000      0x120 ..\obj\lib_str.o
 .text.Str_CmpIgnoreCase
                0x00000000       0x28 ..\obj\lib_str.o
 .text.Str_CmpIgnoreCase_N
                0x00000000      0x178 ..\obj\lib_str.o
 .text.Str_Char
                0x00000000       0x28 ..\obj\lib_str.o
 .text.Str_Char_N
                0x00000000       0x88 ..\obj\lib_str.o
 .text.Str_Char_Last
                0x00000000       0x28 ..\obj\lib_str.o
 .text.Str_Char_Last_N
                0x00000000       0x78 ..\obj\lib_str.o
 .text.Str_Char_Replace
                0x00000000       0x2c ..\obj\lib_str.o
 .text.Str_Char_Replace_N
                0x00000000       0x6c ..\obj\lib_str.o
 .text.Str_Str  0x00000000       0x24 ..\obj\lib_str.o
 .text.Str_Str_N
                0x00000000       0xec ..\obj\lib_str.o
 .text.Str_FmtNbr_Int32U
                0x00000000       0x44 ..\obj\lib_str.o
 .text.Str_FmtNbr_Int32S
                0x00000000       0x64 ..\obj\lib_str.o
 .text.Str_ParseNbr_Int32U
                0x00000000       0x2c ..\obj\lib_str.o
 .text.Str_ParseNbr_Int32S
                0x00000000       0x58 ..\obj\lib_str.o
 .text.Str_FmtNbr_Int32
                0x00000000      0x274 ..\obj\lib_str.o
 .text.Str_ParseNbr_Int32
                0x00000000      0x2b0 ..\obj\lib_str.o
 .debug_info    0x00000000      0xd4f ..\obj\lib_str.o
 .debug_abbrev  0x00000000      0x12e ..\obj\lib_str.o
 .debug_aranges
                0x00000000       0xd8 ..\obj\lib_str.o
 .debug_ranges  0x00000000       0xc8 ..\obj\lib_str.o
 .debug_line    0x00000000      0x516 ..\obj\lib_str.o
 .debug_str     0x00000000      0x62b ..\obj\lib_str.o
 .comment       0x00000000       0x6f ..\obj\lib_str.o
 .debug_frame   0x00000000      0x394 ..\obj\lib_str.o
 .ARM.attributes
                0x00000000       0x33 ..\obj\lib_str.o
 .text          0x00000000        0x0 ..\obj\main.o
 .data          0x00000000        0x0 ..\obj\main.o
 .bss           0x00000000        0x0 ..\obj\main.o
 .text          0x00000000        0x0 ..\obj\lib_ascii.o
 .data          0x00000000        0x0 ..\obj\lib_ascii.o
 .bss           0x00000000        0x0 ..\obj\lib_ascii.o
 .text.ASCII_IsAlpha
                0x00000000       0x38 ..\obj\lib_ascii.o
 .text.ASCII_IsAlphaNum
                0x00000000       0x44 ..\obj\lib_ascii.o
 .text.ASCII_IsLower
                0x00000000       0x2c ..\obj\lib_ascii.o
 .text.ASCII_IsUpper
                0x00000000       0x2c ..\obj\lib_ascii.o
 .text.ASCII_IsDig
                0x00000000       0x2c ..\obj\lib_ascii.o
 .text.ASCII_IsDigOct
                0x00000000       0x2c ..\obj\lib_ascii.o
 .text.ASCII_IsDigHex
                0x00000000       0x44 ..\obj\lib_ascii.o
 .text.ASCII_IsBlank
                0x00000000       0x2c ..\obj\lib_ascii.o
 .text.ASCII_IsSpace
                0x00000000       0x44 ..\obj\lib_ascii.o
 .text.ASCII_IsPrint
                0x00000000       0x2c ..\obj\lib_ascii.o
 .text.ASCII_IsGraph
                0x00000000       0x2c ..\obj\lib_ascii.o
 .text.ASCII_IsPunct
                0x00000000       0x74 ..\obj\lib_ascii.o
 .text.ASCII_IsCtrl
                0x00000000       0x34 ..\obj\lib_ascii.o
 .text.ASCII_ToLower
                0x00000000       0x30 ..\obj\lib_ascii.o
 .text.ASCII_ToUpper
                0x00000000       0x30 ..\obj\lib_ascii.o
 .text.ASCII_Cmp
                0x00000000       0x44 ..\obj\lib_ascii.o
 .debug_info    0x00000000      0x41d ..\obj\lib_ascii.o
 .debug_abbrev  0x00000000       0xd2 ..\obj\lib_ascii.o
 .debug_aranges
                0x00000000       0x98 ..\obj\lib_ascii.o
 .debug_ranges  0x00000000       0x88 ..\obj\lib_ascii.o
 .debug_line    0x00000000      0x409 ..\obj\lib_ascii.o
 .debug_str     0x00000000      0x2a2 ..\obj\lib_ascii.o
 .comment       0x00000000       0x6f ..\obj\lib_ascii.o
 .debug_frame   0x00000000      0x28c ..\obj\lib_ascii.o
 .ARM.attributes
                0x00000000       0x33 ..\obj\lib_ascii.o
 .text          0x00000000        0x0 ..\obj\printf.o
 .bss           0x00000000        0x0 ..\obj\printf.o
 .text.snprintf
                0x00000000       0x30 ..\obj\printf.o
 .text.fprintf  0x00000000       0x2c ..\obj\printf.o
 .text.sprintf  0x00000000       0x2c ..\obj\printf.o
 .text.puts     0x00000000       0x24 ..\obj\printf.o
 .text          0x00000000        0x0 ..\obj\os_dbg.o
 .data          0x00000000        0x0 ..\obj\os_dbg.o
 .bss           0x00000000        0x0 ..\obj\os_dbg.o
 .text          0x00000000        0x0 ..\obj\os_sem.o
 .data          0x00000000        0x0 ..\obj\os_sem.o
 .bss           0x00000000        0x0 ..\obj\os_sem.o
 .text.OSSemAccept
                0x00000000       0x48 ..\obj\os_sem.o
 .rodata        0x00000000        0x2 ..\obj\os_sem.o
 .text.OSSemCreate
                0x00000000       0x78 ..\obj\os_sem.o
 .text.OSSemDel
                0x00000000      0x11c ..\obj\os_sem.o
 .text.OSSemPend
                0x00000000      0x110 ..\obj\os_sem.o
 .text.OSSemPendAbort
                0x00000000       0x98 ..\obj\os_sem.o
 .text.OSSemPost
                0x00000000       0x74 ..\obj\os_sem.o
 .text.OSSemQuery
                0x00000000       0x70 ..\obj\os_sem.o
 .text.OSSemSet
                0x00000000       0x60 ..\obj\os_sem.o
 .debug_info    0x00000000      0x682 ..\obj\os_sem.o
 .debug_abbrev  0x00000000      0x15d ..\obj\os_sem.o
 .debug_aranges
                0x00000000       0x58 ..\obj\os_sem.o
 .debug_ranges  0x00000000       0x48 ..\obj\os_sem.o
 .debug_line    0x00000000      0x1ce ..\obj\os_sem.o
 .debug_str     0x00000000      0x484 ..\obj\os_sem.o
 .comment       0x00000000       0x6f ..\obj\os_sem.o
 .debug_frame   0x00000000      0x130 ..\obj\os_sem.o
 .ARM.attributes
                0x00000000       0x33 ..\obj\os_sem.o
 .text          0x00000000        0x0 ..\obj\os_core.o
 .data          0x00000000        0x0 ..\obj\os_core.o
 .bss           0x00000000        0x0 ..\obj\os_core.o
 .text.OSEventNameGet
                0x00000000       0x70 ..\obj\os_core.o
 .text.OSEventNameSet
                0x00000000       0x58 ..\obj\os_core.o
 .text.OSIntEnter
                0x00000000       0x30 ..\obj\os_core.o
 .text.OSSchedLock
                0x00000000       0x50 ..\obj\os_core.o
 .text.OSSchedUnlock
                0x00000000       0x74 ..\obj\os_core.o
 .text.OSVersion
                0x00000000       0x10 ..\obj\os_core.o
 .text.OS_EventTaskRdy
                0x00000000       0xcc ..\obj\os_core.o
 .text.OS_EventTaskWait
                0x00000000       0xb0 ..\obj\os_core.o
 .text.OS_EventWaitListInit
                0x00000000       0x34 ..\obj\os_core.o
 .text.OS_MemCopy
                0x00000000       0x38 ..\obj\os_core.o
 .text.OS_StrLen
                0x00000000       0x30 ..\obj\os_core.o
 .text.OS_TaskStatStkChk
                0x00000000       0x68 ..\obj\os_core.o
 .text          0x00000000        0x0 ..\obj\os_mem.o
 .data          0x00000000        0x0 ..\obj\os_mem.o
 .bss           0x00000000        0x0 ..\obj\os_mem.o
 .text.OSMemCreate
                0x00000000       0xb4 ..\obj\os_mem.o
 .text.OSMemGet
                0x00000000       0x5c ..\obj\os_mem.o
 .text.OSMemNameGet
                0x00000000       0x58 ..\obj\os_mem.o
 .text.OSMemNameSet
                0x00000000       0x44 ..\obj\os_mem.o
 .text.OSMemPut
                0x00000000       0x54 ..\obj\os_mem.o
 .text.OSMemQuery
                0x00000000       0x5c ..\obj\os_mem.o
 .data          0x00000000        0x0 ..\obj\sh_cmd.o
 .bss           0x00000000        0x0 ..\obj\sh_cmd.o
 .text          0x00000000        0x0 ..\obj\lib_math.o
 .data          0x00000000        0x0 ..\obj\lib_math.o
 .bss           0x00000000        0x0 ..\obj\lib_math.o
 .text.Math_Init
                0x00000000       0x10 ..\obj\lib_math.o
 .text.Math_RandSetSeed
                0x00000000       0x2c ..\obj\lib_math.o
 .text.Math_Rand
                0x00000000       0x38 ..\obj\lib_math.o
 .text.Math_RandSeed
                0x00000000       0x2c ..\obj\lib_math.o
 .debug_info    0x00000000      0x162 ..\obj\lib_math.o
 .debug_abbrev  0x00000000       0xf9 ..\obj\lib_math.o
 .debug_aranges
                0x00000000       0x38 ..\obj\lib_math.o
 .debug_ranges  0x00000000       0x28 ..\obj\lib_math.o
 .debug_line    0x00000000       0xd4 ..\obj\lib_math.o
 .debug_str     0x00000000      0x1b6 ..\obj\lib_math.o
 .comment       0x00000000       0x6f ..\obj\lib_math.o
 .debug_frame   0x00000000       0x9c ..\obj\lib_math.o
 .ARM.attributes
                0x00000000       0x33 ..\obj\lib_math.o
 COMMON         0x00000000        0x4 ..\obj\lib_math.o
 .text          0x00000000        0x0 ..\obj\os_q.o
 .data          0x00000000        0x0 ..\obj\os_q.o
 .bss           0x00000000        0x0 ..\obj\os_q.o
 .text.OSQAccept
                0x00000000       0x84 ..\obj\os_q.o
 .rodata        0x00000000        0x2 ..\obj\os_q.o
 .text.OSQCreate
                0x00000000       0xe4 ..\obj\os_q.o
 .text.OSQDel   0x00000000      0x148 ..\obj\os_q.o
 .text.OSQFlush
                0x00000000       0x40 ..\obj\os_q.o
 .text.OSQPend  0x00000000      0x15c ..\obj\os_q.o
 .text.OSQPendAbort
                0x00000000       0x98 ..\obj\os_q.o
 .text.OSQPost  0x00000000       0x9c ..\obj\os_q.o
 .text.OSQPostFront
                0x00000000       0xa0 ..\obj\os_q.o
 .text.OSQPostOpt
                0x00000000      0x100 ..\obj\os_q.o
 .text.OSQQuery
                0x00000000       0x98 ..\obj\os_q.o
 .text          0x00000000        0x0 ..\obj\os_task.o
 .data          0x00000000        0x0 ..\obj\os_task.o
 .bss           0x00000000        0x0 ..\obj\os_task.o
 .text.OSTaskChangePrio
                0x00000000      0x1e0 ..\obj\os_task.o
 .text.OSTaskDelReq
                0x00000000       0x88 ..\obj\os_task.o
 .text.OSTaskNameGet
                0x00000000       0xa8 ..\obj\os_task.o
 .text.OSTaskResume
                0x00000000       0xec ..\obj\os_task.o
 .text.OSTaskStkChk
                0x00000000       0xc0 ..\obj\os_task.o
 .text.OSTaskSuspend
                0x00000000       0xec ..\obj\os_task.o
 .text.OSTaskQuery
                0x00000000       0x74 ..\obj\os_task.o
 .text.OSTaskRegGet
                0x00000000       0x5c ..\obj\os_task.o
 .text.OSTaskRegGetID
                0x00000000       0x58 ..\obj\os_task.o
 .text.OSTaskRegSet
                0x00000000       0x5c ..\obj\os_task.o
 .text          0x00000000        0x0 ..\obj\os_mutex.o
 .data          0x00000000        0x0 ..\obj\os_mutex.o
 .bss           0x00000000        0x0 ..\obj\os_mutex.o
 .text.OSMutexAccept
                0x00000000       0xc8 ..\obj\os_mutex.o
 .rodata        0x00000000        0x2 ..\obj\os_mutex.o
 .text.OSMutexCreate
                0x00000000       0xdc ..\obj\os_mutex.o
 .text.OSMutexDel
                0x00000000      0x198 ..\obj\os_mutex.o
 .text.OSMutexPend
                0x00000000      0x33c ..\obj\os_mutex.o
 .text.OSMutexPost
                0x00000000      0x118 ..\obj\os_mutex.o
 .text.OSMutexQuery
                0x00000000       0xa4 ..\obj\os_mutex.o
 .text.OSMutex_RdyAtPrio
                0x00000000       0xfc ..\obj\os_mutex.o
 .debug_info    0x00000000      0x72b ..\obj\os_mutex.o
 .debug_abbrev  0x00000000      0x166 ..\obj\os_mutex.o
 .debug_aranges
                0x00000000       0x50 ..\obj\os_mutex.o
 .debug_ranges  0x00000000       0x40 ..\obj\os_mutex.o
 .debug_line    0x00000000      0x225 ..\obj\os_mutex.o
 .debug_str     0x00000000      0x4e2 ..\obj\os_mutex.o
 .comment       0x00000000       0x6f ..\obj\os_mutex.o
 .debug_frame   0x00000000      0x114 ..\obj\os_mutex.o
 .ARM.attributes
                0x00000000       0x33 ..\obj\os_mutex.o
 .text          0x00000000        0x0 ..\obj\os_tmr.o
 .data          0x00000000        0x0 ..\obj\os_tmr.o
 .bss           0x00000000        0x0 ..\obj\os_tmr.o
 .debug_info    0x00000000       0x59 ..\obj\os_tmr.o
 .debug_abbrev  0x00000000       0x24 ..\obj\os_tmr.o
 .debug_aranges
                0x00000000       0x18 ..\obj\os_tmr.o
 .debug_line    0x00000000       0x1d ..\obj\os_tmr.o
 .debug_str     0x00000000      0x11f ..\obj\os_tmr.o
 .comment       0x00000000       0x6f ..\obj\os_tmr.o
 .ARM.attributes
                0x00000000       0x33 ..\obj\os_tmr.o
 .text          0x00000000        0x0 ..\obj\os_mbox.o
 .data          0x00000000        0x0 ..\obj\os_mbox.o
 .bss           0x00000000        0x0 ..\obj\os_mbox.o
 .text.OSMboxAccept
                0x00000000       0x3c ..\obj\os_mbox.o
 .rodata        0x00000000        0x2 ..\obj\os_mbox.o
 .text.OSMboxCreate
                0x00000000       0x78 ..\obj\os_mbox.o
 .text.OSMboxDel
                0x00000000      0x11c ..\obj\os_mbox.o
 .text.OSMboxPend
                0x00000000      0x134 ..\obj\os_mbox.o
 .text.OSMboxPendAbort
                0x00000000       0x98 ..\obj\os_mbox.o
 .text.OSMboxPost
                0x00000000       0x6c ..\obj\os_mbox.o
 .text.OSMboxPostOpt
                0x00000000       0x9c ..\obj\os_mbox.o
 .text.OSMboxQuery
                0x00000000       0x70 ..\obj\os_mbox.o
 .debug_info    0x00000000      0x6a8 ..\obj\os_mbox.o
 .debug_abbrev  0x00000000      0x134 ..\obj\os_mbox.o
 .debug_aranges
                0x00000000       0x58 ..\obj\os_mbox.o
 .debug_ranges  0x00000000       0x48 ..\obj\os_mbox.o
 .debug_line    0x00000000      0x1dc ..\obj\os_mbox.o
 .debug_str     0x00000000      0x499 ..\obj\os_mbox.o
 .comment       0x00000000       0x6f ..\obj\os_mbox.o
 .debug_frame   0x00000000      0x130 ..\obj\os_mbox.o
 .ARM.attributes
                0x00000000       0x33 ..\obj\os_mbox.o

Memory Configuration

Name             Origin             Length             Attributes
rom              0x08000000         0x00020000         xr
ram              0x20000000         0x00002000         xrw
*default*        0x00000000         0xffffffff

Linker script and memory map

                0x20002000                _eram = 0x20002000

.text           0x08000000     0x209e
 *(.isr_vector)
 .isr_vector    0x08000000      0x124 ..\obj\startup_stm32f10x_md_vl.o
                0x08000000                g_pfnVectors
 *(.text*)
 .text.SH_SendChar
                0x08000124       0x64 ..\obj\semihosting.o
                0x08000124                SH_SendChar
 .text.OSTimeDly
                0x08000188       0xa4 ..\obj\os_time.o
                0x08000188                OSTimeDly
 .text          0x0800022c       0xb0 ..\obj\os_cpu_a.o
                0x0800022c                OS_CPU_SR_Save
                0x08000234                OS_CPU_SR_Restore
                0x0800023a                OSStartHighRdy
                0x08000260                OSCtxSw
                0x0800026a                OSIntCtxSw
                0x08000274                OS_CPU_PendSVHandler
 .text.Default_Reset_Handler
                0x080002dc       0x60 ..\obj\startup_stm32f10x_md_vl.o
                0x080002dc                Default_Reset_Handler
                0x080002dc                Reset_Handler
 .text.Default_Handler
                0x0800033c        0x8 ..\obj\startup_stm32f10x_md_vl.o
                0x0800033c                EXTI2_IRQHandler
                0x0800033c                DebugMon_Handler
                0x0800033c                TIM1_CC_IRQHandler
                0x0800033c                PVD_IRQHandler
                0x0800033c                NMI_Handler
                0x0800033c                EXTI3_IRQHandler
                0x0800033c                EXTI0_IRQHandler
                0x0800033c                I2C2_EV_IRQHandler
                0x0800033c                TIM1_UP_TIM16_IRQHandler
                0x0800033c                UsageFault_Handler
                0x0800033c                SPI1_IRQHandler
                0x0800033c                TAMPER_IRQHandler
                0x0800033c                TIM6_DAC_IRQHandler
                0x0800033c                DMA1_Channel4_IRQHandler
                0x0800033c                ADC1_IRQHandler
                0x0800033c                USART3_IRQHandler
                0x0800033c                RTC_IRQHandler
                0x0800033c                DMA1_Channel7_IRQHandler
                0x0800033c                TIM4_IRQHandler
                0x0800033c                I2C1_EV_IRQHandler
                0x0800033c                DMA1_Channel6_IRQHandler
                0x0800033c                TIM3_IRQHandler
                0x0800033c                RCC_IRQHandler
                0x0800033c                DMA1_Channel1_IRQHandler
                0x0800033c                CEC_IRQHandler
                0x0800033c                EXTI15_10_IRQHandler
                0x0800033c                TIM7_IRQHandler
                0x0800033c                EXTI9_5_IRQHandler
                0x0800033c                SPI2_IRQHandler
                0x0800033c                MemManage_Handler
                0x0800033c                SVC_Handler
                0x0800033c                DMA1_Channel5_IRQHandler
                0x0800033c                EXTI4_IRQHandler
                0x0800033c                TIM1_TRG_COM_TIM17_IRQHandler
                0x0800033c                DMA1_Channel3_IRQHandler
                0x0800033c                WWDG_IRQHandler
                0x0800033c                TIM2_IRQHandler
                0x0800033c                EXTI1_IRQHandler
                0x0800033c                RTCAlarm_IRQHandler
                0x0800033c                USART2_IRQHandler
                0x0800033c                I2C2_ER_IRQHandler
                0x0800033c                DMA1_Channel2_IRQHandler
                0x0800033c                FLASH_IRQHandler
                0x0800033c                BusFault_Handler
                0x0800033c                USART1_IRQHandler
                0x0800033c                I2C1_ER_IRQHandler
                0x0800033c                TIM1_BRK_TIM15_IRQHandler
 .text.OSInitHookBegin
                0x08000344       0x44 ..\obj\os_cpu_c.o
                0x08000344                OSInitHookBegin
 .text.OSInitHookEnd
                0x08000388        0xc ..\obj\os_cpu_c.o
                0x08000388                OSInitHookEnd
 .text.OSTaskCreateHook
                0x08000394       0x18 ..\obj\os_cpu_c.o
                0x08000394                OSTaskCreateHook
 .text.OSTaskDelHook
                0x080003ac       0x18 ..\obj\os_cpu_c.o
                0x080003ac                OSTaskDelHook
 .text.OSTaskIdleHook
                0x080003c4        0xc ..\obj\os_cpu_c.o
                0x080003c4                OSTaskIdleHook
 .text.OSTaskReturnHook
                0x080003d0       0x18 ..\obj\os_cpu_c.o
                0x080003d0                OSTaskReturnHook
 .text.OSTaskStkInit
                0x080003e8       0xf8 ..\obj\os_cpu_c.o
                0x080003e8                OSTaskStkInit
 .text.OSTaskSwHook
                0x080004e0        0xc ..\obj\os_cpu_c.o
                0x080004e0                OSTaskSwHook
 .text.OSTCBInitHook
                0x080004ec       0x18 ..\obj\os_cpu_c.o
                0x080004ec                OSTCBInitHook
 .text.OSTimeTickHook
                0x08000504        0xc ..\obj\os_cpu_c.o
                0x08000504                OSTimeTickHook
 .text.OS_CPU_SysTickHandler
                0x08000510       0x34 ..\obj\os_cpu_c.o
                0x08000510                OS_CPU_SysTickHandler
 .text.OS_CPU_SysTickInit
                0x08000544       0x44 ..\obj\os_cpu_c.o
                0x08000544                OS_CPU_SysTickInit
 .text.OS_FlagInit
                0x08000588       0x84 ..\obj\os_flag.o
                0x08000588                OS_FlagInit
 .text.OS_FlagUnlink
                0x0800060c       0x5c ..\obj\os_flag.o
                0x0800060c                OS_FlagUnlink
 .text.SystemInit
                0x08000668       0x70 ..\obj\system_stm32f10x.o
                0x08000668                SystemInit
 .text.SetSysClock
                0x080006d8        0xc ..\obj\system_stm32f10x.o
 .text.SetSysClockTo24
                0x080006e4       0xd4 ..\obj\system_stm32f10x.o
 .text.App_TaskCreateHook
                0x080007b8       0x14 ..\obj\app_hooks.o
                0x080007b8                App_TaskCreateHook
 .text.App_TaskDelHook
                0x080007cc       0x14 ..\obj\app_hooks.o
                0x080007cc                App_TaskDelHook
 .text.App_TaskIdleHook
                0x080007e0        0xc ..\obj\app_hooks.o
                0x080007e0                App_TaskIdleHook
 .text.App_TaskReturnHook
                0x080007ec       0x14 ..\obj\app_hooks.o
                0x080007ec                App_TaskReturnHook
 .text.App_TaskSwHook
                0x08000800        0xc ..\obj\app_hooks.o
                0x08000800                App_TaskSwHook
 .text.App_TCBInitHook
                0x0800080c       0x14 ..\obj\app_hooks.o
                0x0800080c                App_TCBInitHook
 .text.App_TimeTickHook
                0x08000820        0xc ..\obj\app_hooks.o
                0x08000820                App_TimeTickHook
 .text.main     0x0800082c       0x6c ..\obj\main.o
                0x0800082c                main
 .text.task1    0x08000898       0x34 ..\obj\main.o
                0x08000898                task1
 .text.task2    0x080008cc       0x34 ..\obj\main.o
                0x080008cc                task2
 .text.PrintChar
                0x08000900       0x1c ..\obj\printf.o
                0x08000900                PrintChar
 .text.PutChar  0x0800091c       0x20 ..\obj\printf.o
                0x0800091c                PutChar
 .text.PutString
                0x0800093c       0x3c ..\obj\printf.o
                0x0800093c                PutString
 .text.PutUnsignedInt
                0x08000978       0x9c ..\obj\printf.o
                0x08000978                PutUnsignedInt
 .text.PutSignedInt
                0x08000a14       0xf8 ..\obj\printf.o
                0x08000a14                PutSignedInt
 .text.PutHexa  0x08000b0c       0xd4 ..\obj\printf.o
                0x08000b0c                PutHexa
 .text.vsnprintf
                0x08000be0      0x254 ..\obj\printf.o
                0x08000be0                vsnprintf
 .text.vsprintf
                0x08000e34       0x24 ..\obj\printf.o
                0x08000e34                vsprintf
 .text.vfprintf
                0x08000e58       0x68 ..\obj\printf.o
                0x08000e58                vfprintf
 .text.vprintf  0x08000ec0       0x28 ..\obj\printf.o
                0x08000ec0                vprintf
 .text.printf   0x08000ee8       0x28 ..\obj\printf.o
                0x08000ee8                printf
 .text.fputc    0x08000f10       0x40 ..\obj\printf.o
                0x08000f10                fputc
 .text.fputs    0x08000f50       0x48 ..\obj\printf.o
                0x08000f50                fputs
 .text.OSDebugInit
                0x08000f98      0x180 ..\obj\os_dbg.o
                0x08000f98                OSDebugInit
 .text.OSInit   0x08001118       0x34 ..\obj\os_core.o
                0x08001118                OSInit
 .text.OSIntExit
                0x0800114c       0xa4 ..\obj\os_core.o
                0x0800114c                OSIntExit
 .text.OSStart  0x080011f0       0x50 ..\obj\os_core.o
                0x080011f0                OSStart
 .text.OSTimeTick
                0x08001240      0x13c ..\obj\os_core.o
                0x08001240                OSTimeTick
 .text.OS_Dummy
                0x0800137c        0xc ..\obj\os_core.o
                0x0800137c                OS_Dummy
 .text.OS_EventTaskRemove
                0x08001388       0x60 ..\obj\os_core.o
                0x08001388                OS_EventTaskRemove
 .text.OS_InitEventList
                0x080013e8       0x94 ..\obj\os_core.o
 .text.OS_InitMisc
                0x0800147c       0x5c ..\obj\os_core.o
 .text.OS_InitRdyList
                0x080014d8       0x60 ..\obj\os_core.o
 .text.OS_InitTaskIdle
                0x08001538       0x4c ..\obj\os_core.o
 .text.OS_InitTCBList
                0x08001584       0x9c ..\obj\os_core.o
 .text.OS_MemClr
                0x08001620       0x30 ..\obj\os_core.o
                0x08001620                OS_MemClr
 .text.OS_Sched
                0x08001650       0x84 ..\obj\os_core.o
                0x08001650                OS_Sched
 .text.OS_SchedNew
                0x080016d4       0x48 ..\obj\os_core.o
 .text.OS_TaskIdle
                0x0800171c       0x2c ..\obj\os_core.o
                0x0800171c                OS_TaskIdle
 .text.OS_TCBInit
                0x08001748      0x1dc ..\obj\os_core.o
                0x08001748                OS_TCBInit
 .text.OS_MemInit
                0x08001924       0x80 ..\obj\os_mem.o
                0x08001924                OS_MemInit
 .text          0x080019a4       0x26 ..\obj\sh_cmd.o
                0x080019a4                SH_DoCommand
                0x080019b6                HardFault_Handler
 *fill*         0x080019ca        0x2 
 .text.OS_QInit
                0x080019cc       0x78 ..\obj\os_q.o
                0x080019cc                OS_QInit
 .text.OSTaskCreate
                0x08001a44       0xbc ..\obj\os_task.o
                0x08001a44                OSTaskCreate
 .text.OSTaskCreateExt
                0x08001b00       0xc8 ..\obj\os_task.o
                0x08001b00                OSTaskCreateExt
 .text.OSTaskDel
                0x08001bc8      0x1cc ..\obj\os_task.o
                0x08001bc8                OSTaskDel
 .text.OSTaskNameSet
                0x08001d94       0x90 ..\obj\os_task.o
                0x08001d94                OSTaskNameSet
 .text.OS_TaskReturn
                0x08001e24       0x1c ..\obj\os_task.o
                0x08001e24                OS_TaskReturn
 .text.OS_TaskStkClr
                0x08001e40       0x44 ..\obj\os_task.o
                0x08001e40                OS_TaskStkClr
 *(.init)
 *(.fini)
 *crtbegin.o(.ctors)
 *crtbegin?.o(.ctors)
 *(EXCLUDE_FILE(*crtend.o *crtend?.o) .ctors)
 *(SORT(.ctors.*))
 *(.ctors)
 *crtbegin.o(.dtors)
 *crtbegin?.o(.dtors)
 *(EXCLUDE_FILE(*crtend.o *crtend?.o) .dtors)
 *(SORT(.dtors.*))
 *(.dtors)
 *(.rodata*)
 .rodata        0x08001e84        0x2 ..\obj\os_flag.o
 *fill*         0x08001e86        0x2 
 .rodata        0x08001e88       0x61 ..\obj\main.o
 *fill*         0x08001ee9        0x3 
 .rodata        0x08001eec       0x24 ..\obj\printf.o
 .rodata        0x08001f10       0x72 ..\obj\os_dbg.o
                0x08001f10                OSDebugEn
                0x08001f14                OSEndiannessTest
                0x08001f18                OSEventEn
                0x08001f1a                OSEventMax
                0x08001f1c                OSEventNameEn
                0x08001f1e                OSEventSize
                0x08001f20                OSEventTblSize
                0x08001f22                OSEventMultiEn
                0x08001f24                OSFlagEn
                0x08001f26                OSFlagGrpSize
                0x08001f28                OSFlagNodeSize
                0x08001f2a                OSFlagWidth
                0x08001f2c                OSFlagMax
                0x08001f2e                OSFlagNameEn
                0x08001f30                OSLowestPrio
                0x08001f32                OSMboxEn
                0x08001f34                OSMemEn
                0x08001f36                OSMemMax
                0x08001f38                OSMemNameEn
                0x08001f3a                OSMemSize
                0x08001f3c                OSMemTblSize
                0x08001f3e                OSMutexEn
                0x08001f40                OSPtrSize
                0x08001f42                OSQEn
                0x08001f44                OSQMax
                0x08001f46                OSQSize
                0x08001f48                OSRdyTblSize
                0x08001f4a                OSSemEn
                0x08001f4c                OSStkWidth
                0x08001f4e                OSTaskCreateEn
                0x08001f50                OSTaskCreateExtEn
                0x08001f52                OSTaskDelEn
                0x08001f54                OSTaskIdleStkSize
                0x08001f56                OSTaskProfileEn
                0x08001f58                OSTaskMax
                0x08001f5a                OSTaskNameEn
                0x08001f5c                OSTaskStatEn
                0x08001f5e                OSTaskStatStkSize
                0x08001f60                OSTaskStatStkChkEn
                0x08001f62                OSTaskSwHookEn
                0x08001f64                OSTCBPrioTblMax
                0x08001f66                OSTCBSize
                0x08001f68                OSTicksPerSec
                0x08001f6a                OSTimeTickHookEn
                0x08001f6c                OSVersionNbr
                0x08001f6e                OSTmrEn
                0x08001f70                OSTmrCfgMax
                0x08001f72                OSTmrCfgNameEn
                0x08001f74                OSTmrCfgWheelSize
                0x08001f76                OSTmrCfgTicksPerSec
                0x08001f78                OSTmrSize
                0x08001f7a                OSTmrTblSize
                0x08001f7c                OSTmrWheelSize
                0x08001f7e                OSTmrWheelTblSize
                0x08001f80                OSDataSize
 *fill*         0x08001f82        0x2 
 .rodata        0x08001f84      0x112 ..\obj\os_core.o
                0x08001f84                OSUnMapTbl
 *fill*         0x08002096        0x2 
 .rodata        0x08002098        0x2 ..\obj\os_mem.o
 *fill*         0x0800209a        0x2 
 .rodata        0x0800209c        0x2 ..\obj\os_task.o
 *(.eh_fram e*)

.glue_7         0x080020a0        0x0
 .glue_7        0x080020a0        0x0 linker stubs

.glue_7t        0x080020a0        0x0
 .glue_7t       0x080020a0        0x0 linker stubs

.vfp11_veneer   0x080020a0        0x0
 .vfp11_veneer  0x080020a0        0x0 linker stubs

.v4_bx          0x080020a0        0x0
 .v4_bx         0x080020a0        0x0 linker stubs

.iplt           0x080020a0        0x0
 .iplt          0x080020a0        0x0 ..\obj\semihosting.o

.rel.dyn        0x080020a0        0x0
 .rel.iplt      0x080020a0        0x0 ..\obj\semihosting.o

.ARM.extab
 *(.ARM.extab* .gnu.linkonce.armextab.*)
                0x080020a0                __exidx_start = .

.ARM.exidx
 *(.ARM.exidx* .gnu.linkonce.armexidx.*)
                0x080020a0                __exidx_end = .
                0x080020a0                __etext = .
                0x0800209e                _sidata = __etext

.data           0x20000000      0x444 load address 0x0800209e
                0x20000000                __data_start__ = .
                0x20000000                _sdata = __data_start__
 *(vtable)
 *(.data*)
 .data          0x20000000       0x14 ..\obj\system_stm32f10x.o
                0x20000000                SystemCoreClock
                0x20000004                AHBPrescTable
 *fill*         0x20000014        0x4 
 .data          0x20000018      0x42c ..\obj\printf.o
                0x20000018                r
                0x20000440                _impure_ptr
                0x20000444                . = ALIGN (0x4)
                [!provide]                PROVIDE (__preinit_array_start, .)
 *(.preinit_array)
                [!provide]                PROVIDE (__preinit_array_end, .)
                0x20000444                . = ALIGN (0x4)
                [!provide]                PROVIDE (__init_array_start, .)
 *(SORT(.init_array.*))
 *(.init_array)
                [!provide]                PROVIDE (__init_array_end, .)
                0x20000444                . = ALIGN (0x4)
                [!provide]                PROVIDE (__fini_array_start, .)
 *(SORT(.fini_array.*))
 *(.fini_array)
                [!provide]                PROVIDE (__fini_array_end, .)
 *(.jcr*)
                0x20000444                . = ALIGN (0x4)
                0x20000444                __data_end__ = .
                0x20000444                _edata = __data_end__

.igot.plt       0x20000444        0x0 load address 0x080024e4
 .igot.plt      0x20000444        0x0 ..\obj\semihosting.o

.bss            0x20000444      0xb5c load address 0x080024e4
                0x20000444                . = ALIGN (0x4)
                0x20000444                __bss_start__ = .
                0x20000444                _sbss = __bss_start__
 *(.bss*)
 .bss           0x20000444       0x11 ..\obj\semihosting.o
 *(COMMON)
 *fill*         0x20000455        0x3 
 COMMON         0x20000458      0x204 ..\obj\os_cpu_c.o
                0x20000458                OS_CPU_ExceptStkBase
                0x2000045c                OS_CPU_ExceptStk
 COMMON         0x2000065c      0x320 ..\obj\main.o
                0x2000065c                task_stk1
                0x200007ec                task_stk2
 COMMON         0x2000097c      0x624 ..\obj\os_core.o
                0x2000097c                OSLockNesting
                0x2000097d                OSTaskRegNextAvailID
                0x2000097e                OSRunning
                0x20000980                OSIdleCtr
                0x20000984                OSPrioHighRdy
                0x20000988                OSFlagTbl
                0x200009d8                OSPrioCur
                0x200009dc                OSTCBList
                0x200009e0                OSMemTbl
                0x20000a58                OSTickStepState
                0x20000a5c                OSCtxSwCtr
                0x20000a60                OSTCBFreeList
                0x20000a64                OSTaskCtr
                0x20000a68                OSMemFreeList
                0x20000a6c                OSQTbl
                0x20000acc                OSTCBHighRdy
                0x20000ad0                OSQFreeList
                0x20000ad4                OSRdyGrp
                0x20000ad8                OSRdyTbl
                0x20000adc                OSEventFreeList
                0x20000ae0                OSIntNesting
                0x20000ae4                OSTCBCur
                0x20000ae8                OSTime
                0x20000aec                OSTaskIdleStk
                0x20000cec                OSEventTbl
                0x20000d50                OSTCBTbl
                0x20000f48                OSFlagFreeList
                0x20000f4c                OSTCBPrioTbl
                0x20000fa0                . = ALIGN (0x4)
                0x20000fa0                __bss_end__ = .
                0x20000fa0                _ebss = __bss_end__

.heap           0x20000fa0        0x0
                0x20000fa0                __end__ = .
                0x20000fa0                _end = __end__
                0x20000fa0                end = __end__
 *(.heap*)
                0x20000fa0                __HeapLimit = .

.co_stack       0x20000fa0      0x400 load address 0x08003040
                0x20000fa0                . = ALIGN (0x8)
 *(.co_stack .co_stack.*)
 .co_stack      0x20000fa0      0x400 ..\obj\startup_stm32f10x_md_vl.o
                0x20000fa0                pulStack
                0x20002000                __StackTop = (ORIGIN (ram) + LENGTH (ram))
                0x20001c00                __StackLimit = (__StackTop - SIZEOF (.co_stack))
                [!provide]                PROVIDE (__stack, __StackTop)
                0x00000001                ASSERT ((__StackLimit >= __HeapLimit), region ram  overflowed with stack)
LOAD ..\obj\semihosting.o
LOAD ..\obj\cpu_a.o
LOAD ..\obj\os_time.o
LOAD ..\obj\os_cpu_a.o
LOAD ..\obj\cpu_c.o
LOAD ..\obj\startup_stm32f10x_md_vl.o
LOAD ..\obj\lib_mem.o
LOAD ..\obj\os_cpu_c.o
LOAD ..\obj\cpu_core.o
LOAD ..\obj\os_flag.o
LOAD ..\obj\system_stm32f10x.o
LOAD ..\obj\app_hooks.o
LOAD ..\obj\lib_str.o
LOAD ..\obj\main.o
LOAD ..\obj\lib_ascii.o
LOAD ..\obj\printf.o
LOAD ..\obj\os_dbg.o
LOAD ..\obj\os_sem.o
LOAD ..\obj\os_core.o
LOAD ..\obj\os_mem.o
LOAD ..\obj\sh_cmd.o
LOAD ..\obj\lib_math.o
LOAD ..\obj\os_q.o
LOAD ..\obj\os_task.o
LOAD ..\obj\os_mutex.o
LOAD ..\obj\os_tmr.o
LOAD ..\obj\os_mbox.o
START GROUP
LOAD c:/program files (x86)/gnu tools arm embedded/5.4 2016q3/bin/../lib/gcc/arm-none-eabi/5.4.1/armv7-m\libgcc.a
LOAD c:/program files (x86)/gnu tools arm embedded/5.4 2016q3/bin/../lib/gcc/arm-none-eabi/5.4.1/../../../../arm-none-eabi/lib/armv7-m\libg.a
LOAD c:/program files (x86)/gnu tools arm embedded/5.4 2016q3/bin/../lib/gcc/arm-none-eabi/5.4.1/../../../../arm-none-eabi/lib/armv7-m\libc.a
END GROUP
OUTPUT(2task.elf elf32-littlearm)

.debug_info     0x00000000     0x5f97
 .debug_info    0x00000000      0x136 ..\obj\semihosting.o
 .debug_info    0x00000136      0x4ff ..\obj\os_time.o
 .debug_info    0x00000635       0xb4 ..\obj\os_cpu_a.o
 .debug_info    0x000006e9       0xee ..\obj\startup_stm32f10x_md_vl.o
 .debug_info    0x000007d7      0x562 ..\obj\os_cpu_c.o
 .debug_info    0x00000d39      0x9c7 ..\obj\os_flag.o
 .debug_info    0x00001700      0x43d ..\obj\system_stm32f10x.o
 .debug_info    0x00001b3d      0x443 ..\obj\app_hooks.o
 .debug_info    0x00001f80      0x191 ..\obj\main.o
 .debug_info    0x00002111      0xe4a ..\obj\printf.o
 .debug_info    0x00002f5b      0xa23 ..\obj\os_dbg.o
 .debug_info    0x0000397e      0xd9d ..\obj\os_core.o
 .debug_info    0x0000471b      0x41d ..\obj\os_mem.o
 .debug_info    0x00004b38       0xaf ..\obj\sh_cmd.o
 .debug_info    0x00004be7      0x8db ..\obj\os_q.o
 .debug_info    0x000054c2      0xad5 ..\obj\os_task.o

.debug_abbrev   0x00000000     0x12c8
 .debug_abbrev  0x00000000       0xad ..\obj\semihosting.o
 .debug_abbrev  0x000000ad      0x11b ..\obj\os_time.o
 .debug_abbrev  0x000001c8       0x14 ..\obj\os_cpu_a.o
 .debug_abbrev  0x000001dc       0xa7 ..\obj\startup_stm32f10x_md_vl.o
 .debug_abbrev  0x00000283      0x1da ..\obj\os_cpu_c.o
 .debug_abbrev  0x0000045d      0x18b ..\obj\os_flag.o
 .debug_abbrev  0x000005e8      0x14e ..\obj\system_stm32f10x.o
 .debug_abbrev  0x00000736       0xc5 ..\obj\app_hooks.o
 .debug_abbrev  0x000007fb       0xde ..\obj\main.o
 .debug_abbrev  0x000008d9      0x287 ..\obj\printf.o
 .debug_abbrev  0x00000b60       0xdb ..\obj\os_dbg.o
 .debug_abbrev  0x00000c3b      0x24d ..\obj\os_core.o
 .debug_abbrev  0x00000e88      0x13f ..\obj\os_mem.o
 .debug_abbrev  0x00000fc7       0x14 ..\obj\sh_cmd.o
 .debug_abbrev  0x00000fdb      0x15d ..\obj\os_q.o
 .debug_abbrev  0x00001138      0x190 ..\obj\os_task.o

.debug_aranges  0x00000000      0x5a8
 .debug_aranges
                0x00000000       0x30 ..\obj\semihosting.o
 .debug_aranges
                0x00000030       0x40 ..\obj\os_time.o
 .debug_aranges
                0x00000070       0x20 ..\obj\os_cpu_a.o
 .debug_aranges
                0x00000090       0x28 ..\obj\startup_stm32f10x_md_vl.o
 .debug_aranges
                0x000000b8       0x80 ..\obj\os_cpu_c.o
 .debug_aranges
                0x00000138       0x80 ..\obj\os_flag.o
 .debug_aranges
                0x000001b8       0x38 ..\obj\system_stm32f10x.o
 .debug_aranges
                0x000001f0       0x58 ..\obj\app_hooks.o
 .debug_aranges
                0x00000248       0x30 ..\obj\main.o
 .debug_aranges
                0x00000278       0xa0 ..\obj\printf.o
 .debug_aranges
                0x00000318       0x20 ..\obj\os_dbg.o
 .debug_aranges
                0x00000338       0xf8 ..\obj\os_core.o
 .debug_aranges
                0x00000430       0x50 ..\obj\os_mem.o
 .debug_aranges
                0x00000480       0x20 ..\obj\sh_cmd.o
 .debug_aranges
                0x000004a0       0x70 ..\obj\os_q.o
 .debug_aranges
                0x00000510       0x98 ..\obj\os_task.o

.debug_ranges   0x00000000      0x488
 .debug_ranges  0x00000000       0x20 ..\obj\semihosting.o
 .debug_ranges  0x00000020       0x30 ..\obj\os_time.o
 .debug_ranges  0x00000050       0x18 ..\obj\startup_stm32f10x_md_vl.o
 .debug_ranges  0x00000068       0x70 ..\obj\os_cpu_c.o
 .debug_ranges  0x000000d8       0x70 ..\obj\os_flag.o
 .debug_ranges  0x00000148       0x28 ..\obj\system_stm32f10x.o
 .debug_ranges  0x00000170       0x48 ..\obj\app_hooks.o
 .debug_ranges  0x000001b8       0x20 ..\obj\main.o
 .debug_ranges  0x000001d8       0x90 ..\obj\printf.o
 .debug_ranges  0x00000268       0x10 ..\obj\os_dbg.o
 .debug_ranges  0x00000278       0xe8 ..\obj\os_core.o
 .debug_ranges  0x00000360       0x40 ..\obj\os_mem.o
 .debug_ranges  0x000003a0       0x60 ..\obj\os_q.o
 .debug_ranges  0x00000400       0x88 ..\obj\os_task.o

.debug_line     0x00000000     0x1d89
 .debug_line    0x00000000       0xb7 ..\obj\semihosting.o
 .debug_line    0x000000b7      0x118 ..\obj\os_time.o
 .debug_line    0x000001cf       0xbf ..\obj\os_cpu_a.o
 .debug_line    0x0000028e       0xad ..\obj\startup_stm32f10x_md_vl.o
 .debug_line    0x0000033b      0x18d ..\obj\os_cpu_c.o
 .debug_line    0x000004c8      0x311 ..\obj\os_flag.o
 .debug_line    0x000007d9      0x235 ..\obj\system_stm32f10x.o
 .debug_line    0x00000a0e      0x10d ..\obj\app_hooks.o
 .debug_line    0x00000b1b      0x265 ..\obj\main.o
 .debug_line    0x00000d80      0x380 ..\obj\printf.o
 .debug_line    0x00001100       0xc3 ..\obj\os_dbg.o
 .debug_line    0x000011c3      0x43c ..\obj\os_core.o
 .debug_line    0x000015ff      0x18a ..\obj\os_mem.o
 .debug_line    0x00001789       0x88 ..\obj\sh_cmd.o
 .debug_line    0x00001811      0x286 ..\obj\os_q.o
 .debug_line    0x00001a97      0x2f2 ..\obj\os_task.o

.debug_str      0x00000000     0x1af8
 .debug_str     0x00000000      0x1a7 ..\obj\semihosting.o
                                0x1e0 (size before relaxing)
 .debug_str     0x000001a7      0x35a ..\obj\os_time.o
                                0x42f (size before relaxing)
 .debug_str     0x00000501       0xbb ..\obj\startup_stm32f10x_md_vl.o
                                0x152 (size before relaxing)
 .debug_str     0x000005bc      0x158 ..\obj\os_cpu_c.o
                                0x4a8 (size before relaxing)
 .debug_str     0x00000714      0x1fa ..\obj\os_flag.o
                                0x580 (size before relaxing)
 .debug_str     0x0000090e      0x1c3 ..\obj\system_stm32f10x.o
                                0x2ee (size before relaxing)
 .debug_str     0x00000ad1       0xd4 ..\obj\app_hooks.o
                                0x493 (size before relaxing)
 .debug_str     0x00000ba5       0x5d ..\obj\main.o
                                0x215 (size before relaxing)
 .debug_str     0x00000c02      0x4ca ..\obj\printf.o
                                0x687 (size before relaxing)
 .debug_str     0x000010cc      0x45d ..\obj\os_dbg.o
                                0x839 (size before relaxing)
 .debug_str     0x00001529      0x246 ..\obj\os_core.o
                                0x7c0 (size before relaxing)
 .debug_str     0x0000176f      0x10f ..\obj\os_mem.o
                                0x286 (size before relaxing)
 .debug_str     0x0000187e       0xfb ..\obj\os_q.o
                                0x503 (size before relaxing)
 .debug_str     0x00001979      0x17f ..\obj\os_task.o
                                0x5d1 (size before relaxing)

.comment        0x00000000       0x6e
 .comment       0x00000000       0x6e ..\obj\semihosting.o
                                 0x6f (size before relaxing)
 .comment       0x0000006e       0x6f ..\obj\os_time.o
 .comment       0x0000006e       0x6f ..\obj\startup_stm32f10x_md_vl.o
 .comment       0x0000006e       0x6f ..\obj\os_cpu_c.o
 .comment       0x0000006e       0x6f ..\obj\os_flag.o
 .comment       0x0000006e       0x6f ..\obj\system_stm32f10x.o
 .comment       0x0000006e       0x6f ..\obj\app_hooks.o
 .comment       0x0000006e       0x6f ..\obj\main.o
 .comment       0x0000006e       0x6f ..\obj\printf.o
 .comment       0x0000006e       0x6f ..\obj\os_dbg.o
 .comment       0x0000006e       0x6f ..\obj\os_core.o
 .comment       0x0000006e       0x6f ..\obj\os_mem.o
 .comment       0x0000006e       0x6f ..\obj\os_q.o
 .comment       0x0000006e       0x6f ..\obj\os_task.o

.ARM.attributes
                0x00000000       0x31
 .ARM.attributes
                0x00000000       0x33 ..\obj\semihosting.o
 .ARM.attributes
                0x00000033       0x33 ..\obj\os_time.o
 .ARM.attributes
                0x00000066       0x21 ..\obj\os_cpu_a.o
 .ARM.attributes
                0x00000087       0x33 ..\obj\startup_stm32f10x_md_vl.o
 .ARM.attributes
                0x000000ba       0x33 ..\obj\os_cpu_c.o
 .ARM.attributes
                0x000000ed       0x33 ..\obj\os_flag.o
 .ARM.attributes
                0x00000120       0x33 ..\obj\system_stm32f10x.o
 .ARM.attributes
                0x00000153       0x33 ..\obj\app_hooks.o
 .ARM.attributes
                0x00000186       0x33 ..\obj\main.o
 .ARM.attributes
                0x000001b9       0x33 ..\obj\printf.o
 .ARM.attributes
                0x000001ec       0x33 ..\obj\os_dbg.o
 .ARM.attributes
                0x0000021f       0x33 ..\obj\os_core.o
 .ARM.attributes
                0x00000252       0x33 ..\obj\os_mem.o
 .ARM.attributes
                0x00000285       0x21 ..\obj\sh_cmd.o
 .ARM.attributes
                0x000002a6       0x33 ..\obj\os_q.o
 .ARM.attributes
                0x000002d9       0x33 ..\obj\os_task.o

.debug_frame    0x00000000     0x138c
 .debug_frame   0x00000000       0x7c ..\obj\semihosting.o
 .debug_frame   0x0000007c       0xc8 ..\obj\os_time.o
 .debug_frame   0x00000144       0x4c ..\obj\startup_stm32f10x_md_vl.o
 .debug_frame   0x00000190      0x1cc ..\obj\os_cpu_c.o
 .debug_frame   0x0000035c      0x1f0 ..\obj\os_flag.o
 .debug_frame   0x0000054c       0x98 ..\obj\system_stm32f10x.o
 .debug_frame   0x000005e4      0x130 ..\obj\app_hooks.o
 .debug_frame   0x00000714       0x70 ..\obj\main.o
 .debug_frame   0x00000784      0x2d8 ..\obj\printf.o
 .debug_frame   0x00000a5c       0x38 ..\obj\os_dbg.o
 .debug_frame   0x00000a94      0x3fc ..\obj\os_core.o
 .debug_frame   0x00000e90      0x10c ..\obj\os_mem.o
 .debug_frame   0x00000f9c      0x19c ..\obj\os_q.o
 .debug_frame   0x00001138      0x254 ..\obj\os_task.o
